WRN 2026-08-12T10:56:01.833 ?.2        server_start:197: Failed to start server: operation not permitted: /run/user/1000/nvim.2.0
WRN 2026-08-12T10:56:32.696 ?.3        server_start:197: Failed to start server: operation not permitted: /run/user/1000/nvim.3.0
WRN 2026-08-24T18:37:59.366 ?.2        server_start:197: Failed to start server: operation not permitted: /run/user/1000/nvim.2.0
WRN 2026-08-24T18:49:49.531 ?.2        server_start:197: Failed to start server: operation not permitted: /run/user/1000/nvim.2.0
WRN 2026-08-24T18:49:59.924 ?.3        server_start:197: Failed to start server: operation not permitted: /run/user/1000/nvim.3.0
WRN 2026-08-25T08:38:26.170 ?.5        server_start:197: Failed to start server: operation not permitted: /run/user/1000/nvim.5.0
WRN 2026-08-25T08:39:00.137 ?.3        server_start:197: Failed to start server: operation not permitted: /run/user/1000/nvim.3.0
WRN 2026-08-25T09:47:22.979 ?.3        server_start:197: Failed to start server: operation not permitted: /run/user/1000/nvim.3.0
WRN 2026-08-25T09:47:28.354 ?.3        server_start:197: Failed to start server: operation not permitted: /run/user/1000/nvim.3.0
WRN 2026-08-25T21:17:33.364 ?.5        server_start:197: Failed to start server: operation not permitted: /run/user/1000/nvim.5.0
WRN 2026-08-25T21:17:40.818 ?.126      server_start:197: Failed to start server: operation not permitted: /run/user/1000/nvim.126.0
WRN 2026-08-27T11:20:23.444 ?.2        server_start:197: Failed to start server: operation not permitted: /run/user/1000/nvim.2.0
WRN 2026-08-27T11:20:30.757 ?.2        server_start:197: Failed to start server: operation not permitted: /run/user/1000/nvim.2.0
WRN 2026-08-27T11:20:50.227 ?.2        server_start:197: Failed to start server: operation not permitted: /run/user/1000/nvim.2.0
WRN 2026-08-27T11:51:37.360 ?.2        server_start:197: Failed to start server: operation not permitted: /run/user/1000/nvim.2.0
WRN 2026-08-27T11:57:29.443 ?.2        server_start:197: Failed to start server: operation not permitted: /run/user/1000/nvim.2.0
WRN 2026-08-27T11:57:40.521 ?.3        server_start:197: Failed to start server: operation not permitted: /run/user/1000/nvim.3.0
ERR 2026-08-27T11:57:40.906 ?.3        decor_provider_error:29: Error in decoration provider "conceal_line" (ns=nvim.treesitter.highlighter):
Lua: /usr/share/nvim/runtime/lua/vim/treesitter.lua:197: attempt to call method 'range' (a nil value)
stack traceback:
	/usr/share/nvim/runtime/lua/vim/treesitter.lua:197: in function 'get_range'
	/usr/share/nvim/runtime/lua/vim/treesitter.lua:239: in function 'get_node_text'
	...nvim-treesitter/lua/nvim-treesitter/query_predicates.lua:141: in function 'handler'
	/usr/share/nvim/runtime/lua/vim/treesitter/query.lua:864: in function '_apply_directives'
	/usr/share/nvim/runtime/lua/vim/treesitter/query.lua:1085: in function '(for generator)'
	/usr/share/nvim/runtime/lua/vim/treesitter/languagetree.lua:1125: in function '_get_injections'
	/usr/share/nvim/runtime/lua/vim/treesitter/languagetree.lua:690: in function '_parse'
	/usr/share/nvim/runtime/lua/vim/treesitter/languagetree.lua:639: in function 'parse'
	/usr/share/nvim/runtime/lua/vim/treesitter/highlighter.lua:529: in function </usr/share/nvim/runtime/lua/vim/treesitter/highlighter.lua:521>
	[C]: in function 'getwininfo'
	...k/core/opt/smear-cursor.nvim/lua/smear_cursor/screen.lua:6: in function 'get_screen_cursor_position'
	...k/core/opt/smear-cursor.nvim/lua/smear_cursor/events.lua:27: in function 'move_cursor'
	...k/core/opt/smear-cursor.nvim/lua/smear_cursor/events.lua:56: in function 'fn'
	[string "vim/_core/editor"]:273: in function <[string "vim/_core/editor"]:272>
	[C]: in function 'wait'
	[string ":lua"]:1: in main chunk
ERR 2026-08-27T11:57:40.906 ?.3        decor_provider_error:29: Error in decoration provider "conceal_line" (ns=nvim.treesitter.highlighter):
Lua: /usr/share/nvim/runtime/lua/vim/treesitter.lua:197: attempt to call method 'range' (a nil value)
stack traceback:
	/usr/share/nvim/runtime/lua/vim/treesitter.lua:197: in function 'get_range'
	/usr/share/nvim/runtime/lua/vim/treesitter.lua:239: in function 'get_node_text'
	...nvim-treesitter/lua/nvim-treesitter/query_predicates.lua:141: in function 'handler'
	/usr/share/nvim/runtime/lua/vim/treesitter/query.lua:864: in function '_apply_directives'
	/usr/share/nvim/runtime/lua/vim/treesitter/query.lua:1085: in function '(for generator)'
	/usr/share/nvim/runtime/lua/vim/treesitter/languagetree.lua:1125: in function '_get_injections'
	/usr/share/nvim/runtime/lua/vim/treesitter/languagetree.lua:690: in function '_parse'
	/usr/share/nvim/runtime/lua/vim/treesitter/languagetree.lua:639: in function 'parse'
	/usr/share/nvim/runtime/lua/vim/treesitter/highlighter.lua:529: in function </usr/share/nvim/runtime/lua/vim/treesitter/highlighter.lua:521>
	[C]: in function 'getwininfo'
	...k/core/opt/smear-cursor.nvim/lua/smear_cursor/screen.lua:6: in function 'get_screen_cursor_position'
	...k/core/opt/smear-cursor.nvim/lua/smear_cursor/events.lua:27: in function 'move_cursor'
	...k/core/opt/smear-cursor.nvim/lua/smear_cursor/events.lua:56: in function 'fn'
	[string "vim/_core/editor"]:273: in function <[string "vim/_core/editor"]:272>
	[C]: in function 'wait'
	[string ":lua"]:1: in main chunk
ERR 2026-08-27T11:57:40.906 ?.3        decor_provider_error:29: Error in decoration provider "conceal_line" (ns=nvim.treesitter.highlighter):
Lua: /usr/share/nvim/runtime/lua/vim/treesitter.lua:197: attempt to call method 'range' (a nil value)
stack traceback:
	/usr/share/nvim/runtime/lua/vim/treesitter.lua:197: in function 'get_range'
	/usr/share/nvim/runtime/lua/vim/treesitter.lua:239: in function 'get_node_text'
	...nvim-treesitter/lua/nvim-treesitter/query_predicates.lua:141: in function 'handler'
	/usr/share/nvim/runtime/lua/vim/treesitter/query.lua:864: in function '_apply_directives'
	/usr/share/nvim/runtime/lua/vim/treesitter/query.lua:1085: in function '(for generator)'
	/usr/share/nvim/runtime/lua/vim/treesitter/languagetree.lua:1125: in function '_get_injections'
	/usr/share/nvim/runtime/lua/vim/treesitter/languagetree.lua:690: in function '_parse'
	/usr/share/nvim/runtime/lua/vim/treesitter/languagetree.lua:639: in function 'parse'
	/usr/share/nvim/runtime/lua/vim/treesitter/highlighter.lua:529: in function </usr/share/nvim/runtime/lua/vim/treesitter/highlighter.lua:521>
	[C]: in function 'getwininfo'
	...k/core/opt/smear-cursor.nvim/lua/smear_cursor/screen.lua:6: in function 'get_screen_cursor_position'
	...k/core/opt/smear-cursor.nvim/lua/smear_cursor/events.lua:27: in function 'move_cursor'
	...k/core/opt/smear-cursor.nvim/lua/smear_cursor/events.lua:56: in function 'fn'
	[string "vim/_core/editor"]:273: in function <[string "vim/_core/editor"]:272>
	[C]: in function 'wait'
	[string ":lua"]:1: in main chunk
WRN 2026-08-27T11:57:41.109 ?.11       server_start:197: Failed to start server: operation not permitted: /run/user/1000/nvim.11.0
WRN 2026-08-27T12:05:53.265 ?.4        server_start:197: Failed to start server: operation not permitted: /run/user/1000/nvim.4.0
WRN 2026-08-27T12:08:26.845 ?.15       server_start:197: Failed to start server: operation not permitted: /run/user/1000/nvim.15.0
WRN 2026-08-27T12:08:35.720 ?.10       server_start:197: Failed to start server: operation not permitted: /run/user/1000/nvim.10.0
